nohup: ignoring input
=== LAUNCHER PID 20696  host LAPTOP-B4TE0NRA ===
    spawning 12 workers  (indices: [0, 1, 2, 3, 4, 5, 6, 7, 8, 9, 10, 11])
    log_dir=logs  state_dir=state  output_dir=results
    [ 0] spawned pid=23004  tag=exp00_fixed_patient_value_defender__vs__natural_buyer  log=logs\exp00_fixed_patient_value_defender__vs__natural_buyer.log
    [ 1] spawned pid=19220  tag=exp01_fixed_busy_impatient_closer__vs__natural_buyer  log=logs\exp01_fixed_busy_impatient_closer__vs__natural_buyer.log
    [ 2] spawned pid=30036  tag=exp02_fixed_friendly_rapport_builder__vs__natural_buyer  log=logs\exp02_fixed_friendly_rapport_builder__vs__natural_buyer.log
    [ 3] spawned pid=33032  tag=exp03_fixed_reciprocal_fairness_keeper__vs__natural_buyer  log=logs\exp03_fixed_reciprocal_fairness_keeper__vs__natural_buyer.log
    [ 4] spawned pid=12604  tag=exp04_fixed_opponent_aware_diagnostic__vs__natural_buyer  log=logs\exp04_fixed_opponent_aware_diagnostic__vs__natural_buyer.log
    [ 5] spawned pid=23528  tag=exp05_fixed_market_expert_value_justifier__vs__natural_buyer  log=logs\exp05_fixed_market_expert_value_justifier__vs__natural_buyer.log
    [ 6] spawned pid=8924  tag=exp06_fixed_patient_value_defender__vs__mirror_patient_value_defender  log=logs\exp06_fixed_patient_value_defender__vs__mirror_patient_value_defender.log
    [ 7] spawned pid=24072  tag=exp07_fixed_busy_impatient_closer__vs__mirror_busy_impatient_closer  log=logs\exp07_fixed_busy_impatient_closer__vs__mirror_busy_impatient_closer.log
    [ 8] spawned pid=15272  tag=exp08_fixed_friendly_rapport_builder__vs__mirror_friendly_rapport_builder  log=logs\exp08_fixed_friendly_rapport_builder__vs__mirror_friendly_rapport_builder.log
    [ 9] spawned pid=16352  tag=exp09_fixed_reciprocal_fairness_keeper__vs__mirror_reciprocal_fairness_keeper  log=logs\exp09_fixed_reciprocal_fairness_keeper__vs__mirror_reciprocal_fairness_keeper.log
    [10] spawned pid=20768  tag=exp10_fixed_opponent_aware_diagnostic__vs__mirror_opponent_aware_diagnostic  log=logs\exp10_fixed_opponent_aware_diagnostic__vs__mirror_opponent_aware_diagnostic.log
    [11] spawned pid=31752  tag=exp11_fixed_market_expert_value_justifier__vs__mirror_market_expert_value_justifier  log=logs\exp11_fixed_market_expert_value_justifier__vs__mirror_market_expert_value_justifier.log

=== all workers exited ===
    [ 0] pid= 23004  exit=0  tag=exp00_fixed_patient_value_defender__vs__natural_buyer
    [ 1] pid= 19220  exit=0  tag=exp01_fixed_busy_impatient_closer__vs__natural_buyer
    [ 2] pid= 30036  exit=0  tag=exp02_fixed_friendly_rapport_builder__vs__natural_buyer
    [ 3] pid= 33032  exit=0  tag=exp03_fixed_reciprocal_fairness_keeper__vs__natural_buyer
    [ 4] pid= 12604  exit=0  tag=exp04_fixed_opponent_aware_diagnostic__vs__natural_buyer
    [ 5] pid= 23528  exit=0  tag=exp05_fixed_market_expert_value_justifier__vs__natural_buyer
    [ 6] pid=  8924  exit=0  tag=exp06_fixed_patient_value_defender__vs__mirror_patient_value_defender
    [ 7] pid= 24072  exit=0  tag=exp07_fixed_busy_impatient_closer__vs__mirror_busy_impatient_closer
    [ 8] pid= 15272  exit=0  tag=exp08_fixed_friendly_rapport_builder__vs__mirror_friendly_rapport_builder
    [ 9] pid= 16352  exit=0  tag=exp09_fixed_reciprocal_fairness_keeper__vs__mirror_reciprocal_fairness_keeper
    [10] pid= 20768  exit=0  tag=exp10_fixed_opponent_aware_diagnostic__vs__mirror_opponent_aware_diagnostic
    [11] pid= 31752  exit=0  tag=exp11_fixed_market_expert_value_justifier__vs__mirror_market_expert_value_justifier
