================================================================================
Launcher  side=user  host=weiziyideMacBook-Pro.local  pid=62672
  cells to run    : 120 / 120
  parallelism     : 30
  base_seed       : 20260425
  n_rounds        : 30
  runs_per_car    : 10
  state_dir       : state_E
  output_dir      : results_E
  logs_dir        : logs_E
================================================================================
[launcher] spawn cell   0 tag=user_A_fu_high_price_brief_anchor_v1 pid=62753  (running=1 pending=119 finished=0)
[launcher] spawn cell   1 tag=user_A_fu_high_price_brief_anchor_v2 pid=62754  (running=2 pending=118 finished=0)
[launcher] spawn cell   2 tag=user_A_fu_high_price_brief_anchor_v3 pid=62755  (running=3 pending=117 finished=0)
[launcher] spawn cell   3 tag=user_A_fu_high_price_brief_anchor_v4 pid=62756  (running=4 pending=116 finished=0)
[launcher] spawn cell   4 tag=user_A_fu_high_price_brief_anchor_v5 pid=62757  (running=5 pending=115 finished=0)
[launcher] spawn cell   5 tag=user_B_fu_high_price_brief_anchor_v1 pid=62758  (running=6 pending=114 finished=0)
[launcher] spawn cell   6 tag=user_B_fu_high_price_brief_anchor_v2 pid=62759  (running=7 pending=113 finished=0)
[launcher] spawn cell   7 tag=user_B_fu_high_price_brief_anchor_v3 pid=62760  (running=8 pending=112 finished=0)
[launcher] spawn cell   8 tag=user_B_fu_high_price_brief_anchor_v4 pid=62761  (running=9 pending=111 finished=0)
[launcher] spawn cell   9 tag=user_B_fu_high_price_brief_anchor_v5 pid=62762  (running=10 pending=110 finished=0)
[launcher] spawn cell  10 tag=user_A_deng_patient_rational_extractor_v1 pid=62763  (running=11 pending=109 finished=0)
[launcher] spawn cell  11 tag=user_A_deng_patient_rational_extractor_v2 pid=62764  (running=12 pending=108 finished=0)
[launcher] spawn cell  12 tag=user_A_deng_patient_rational_extractor_v3 pid=62765  (running=13 pending=107 finished=0)
[launcher] spawn cell  13 tag=user_A_deng_patient_rational_extractor_v4 pid=62766  (running=14 pending=106 finished=0)
[launcher] spawn cell  14 tag=user_A_deng_patient_rational_extractor_v5 pid=62767  (running=15 pending=105 finished=0)
[launcher] spawn cell  15 tag=user_B_deng_patient_rational_extractor_v1 pid=62768  (running=16 pending=104 finished=0)
[launcher] spawn cell  16 tag=user_B_deng_patient_rational_extractor_v2 pid=62769  (running=17 pending=103 finished=0)
[launcher] spawn cell  17 tag=user_B_deng_patient_rational_extractor_v3 pid=62770  (running=18 pending=102 finished=0)
[launcher] spawn cell  18 tag=user_B_deng_patient_rational_extractor_v4 pid=62771  (running=19 pending=101 finished=0)
[launcher] spawn cell  19 tag=user_B_deng_patient_rational_extractor_v5 pid=62772  (running=20 pending=100 finished=0)
[launcher] spawn cell  20 tag=user_A_vaccaro_warm_high_dominance_v1 pid=62773  (running=21 pending=99 finished=0)
[launcher] spawn cell  21 tag=user_A_vaccaro_warm_high_dominance_v2 pid=62774  (running=22 pending=98 finished=0)
[launcher] spawn cell  22 tag=user_A_vaccaro_warm_high_dominance_v3 pid=62775  (running=23 pending=97 finished=0)
[launcher] spawn cell  23 tag=user_A_vaccaro_warm_high_dominance_v4 pid=62776  (running=24 pending=96 finished=0)
[launcher] spawn cell  24 tag=user_A_vaccaro_warm_high_dominance_v5 pid=62777  (running=25 pending=95 finished=0)
[launcher] spawn cell  25 tag=user_B_vaccaro_warm_high_dominance_v1 pid=62778  (running=26 pending=94 finished=0)
[launcher] spawn cell  26 tag=user_B_vaccaro_warm_high_dominance_v2 pid=62779  (running=27 pending=93 finished=0)
[launcher] spawn cell  27 tag=user_B_vaccaro_warm_high_dominance_v3 pid=62780  (running=28 pending=92 finished=0)
[launcher] spawn cell  28 tag=user_B_vaccaro_warm_high_dominance_v4 pid=62781  (running=29 pending=91 finished=0)
[launcher] spawn cell  29 tag=user_B_vaccaro_warm_high_dominance_v5 pid=62782  (running=30 pending=90 finished=0)
[launcher] cell   0 FINISHED (rc=0)
[launcher] spawn cell  30 tag=user_A_liu_mental_model_tactician_v1 pid=63041  (running=30 pending=89 finished=1)
[launcher] cell   2 FINISHED (rc=0)
[launcher] spawn cell  31 tag=user_A_liu_mental_model_tactician_v2 pid=63078  (running=30 pending=88 finished=2)
[launcher] cell  20 FINISHED (rc=0)
[launcher] spawn cell  32 tag=user_A_liu_mental_model_tactician_v3 pid=63115  (running=30 pending=87 finished=3)
[launcher] cell   3 FINISHED (rc=0)
[launcher] spawn cell  33 tag=user_A_liu_mental_model_tactician_v4 pid=63129  (running=30 pending=86 finished=4)
[launcher] cell   1 FINISHED (rc=0)
[launcher] spawn cell  34 tag=user_A_liu_mental_model_tactician_v5 pid=63144  (running=30 pending=85 finished=5)
[launcher] cell   7 FINISHED (rc=0)
[launcher] spawn cell  35 tag=user_B_liu_mental_model_tactician_v1 pid=63159  (running=30 pending=84 finished=6)
[launcher] cell   6 FINISHED (rc=0)
[launcher] spawn cell  36 tag=user_B_liu_mental_model_tactician_v2 pid=63170  (running=30 pending=83 finished=7)
[launcher] cell  21 FINISHED (rc=0)
[launcher] spawn cell  37 tag=user_B_liu_mental_model_tactician_v3 pid=63198  (running=30 pending=82 finished=8)
[launcher] cell  22 FINISHED (rc=0)
[launcher] spawn cell  38 tag=user_B_liu_mental_model_tactician_v4 pid=63225  (running=30 pending=81 finished=9)
[launcher] cell   5 FINISHED (rc=0)
[launcher] spawn cell  39 tag=user_B_liu_mental_model_tactician_v5 pid=63229  (running=30 pending=80 finished=10)
[launcher] cell  10 FINISHED (rc=0)
[launcher] spawn cell  40 tag=user_A_chatterjee_aggressive_high_ask_v1 pid=63258  (running=30 pending=79 finished=11)
[launcher] cell   8 FINISHED (rc=0)
[launcher] spawn cell  41 tag=user_A_chatterjee_aggressive_high_ask_v2 pid=63278  (running=30 pending=78 finished=12)
[launcher] cell  26 FINISHED (rc=0)
[launcher] spawn cell  42 tag=user_A_chatterjee_aggressive_high_ask_v3 pid=63302  (running=30 pending=77 finished=13)
[launcher] cell  27 FINISHED (rc=0)
[launcher] spawn cell  43 tag=user_A_chatterjee_aggressive_high_ask_v4 pid=63311  (running=30 pending=76 finished=14)
[launcher] cell   4 FINISHED (rc=0)
[launcher] spawn cell  44 tag=user_A_chatterjee_aggressive_high_ask_v5 pid=63316  (running=30 pending=75 finished=15)
[launcher] cell  23 FINISHED (rc=0)
[launcher] spawn cell  45 tag=user_B_chatterjee_aggressive_high_ask_v1 pid=63325  (running=30 pending=74 finished=16)
[launcher] cell  24 FINISHED (rc=0)
[launcher] spawn cell  46 tag=user_B_chatterjee_aggressive_high_ask_v2 pid=63334  (running=30 pending=73 finished=17)
[launcher] cell  12 FINISHED (rc=0)
[launcher] spawn cell  47 tag=user_B_chatterjee_aggressive_high_ask_v3 pid=63348  (running=30 pending=72 finished=18)
[launcher] cell  17 FINISHED (rc=0)
[launcher] spawn cell  48 tag=user_B_chatterjee_aggressive_high_ask_v4 pid=63365  (running=30 pending=71 finished=19)
[launcher] cell  25 FINISHED (rc=0)
[launcher] spawn cell  49 tag=user_B_chatterjee_aggressive_high_ask_v5 pid=63382  (running=30 pending=70 finished=20)
[launcher] cell  16 FINISHED (rc=0)
[launcher] spawn cell  50 tag=user_A_chatterjee_fair_midpoint_v1 pid=63390  (running=30 pending=69 finished=21)
[launcher] cell  28 FINISHED (rc=0)
[launcher] spawn cell  51 tag=user_A_chatterjee_fair_midpoint_v2 pid=63400  (running=30 pending=68 finished=22)
[launcher] cell   9 FINISHED (rc=0)
[launcher] spawn cell  52 tag=user_A_chatterjee_fair_midpoint_v3 pid=63432  (running=30 pending=67 finished=23)
[launcher] cell  11 FINISHED (rc=0)
[launcher] spawn cell  53 tag=user_A_chatterjee_fair_midpoint_v4 pid=63469  (running=30 pending=66 finished=24)
[launcher] cell  13 FINISHED (rc=0)
[launcher] cell  15 FINISHED (rc=0)
[launcher] spawn cell  54 tag=user_A_chatterjee_fair_midpoint_v5 pid=63479  (running=29 pending=65 finished=26)
[launcher] spawn cell  55 tag=user_B_chatterjee_fair_midpoint_v1 pid=63480  (running=30 pending=64 finished=26)
[launcher] cell  30 FINISHED (rc=0)
[launcher] spawn cell  56 tag=user_B_chatterjee_fair_midpoint_v2 pid=63542  (running=30 pending=63 finished=27)
[launcher] cell  18 FINISHED (rc=0)
[launcher] spawn cell  57 tag=user_B_chatterjee_fair_midpoint_v3 pid=63556  (running=30 pending=62 finished=28)
[launcher] cell  29 FINISHED (rc=0)
[launcher] spawn cell  58 tag=user_B_chatterjee_fair_midpoint_v4 pid=63571  (running=30 pending=61 finished=29)
[launcher] cell  14 FINISHED (rc=0)
[launcher] spawn cell  59 tag=user_B_chatterjee_fair_midpoint_v5 pid=63574  (running=30 pending=60 finished=30)
[launcher] cell  37 FINISHED (rc=0)
[launcher] spawn cell  60 tag=user_A_chatterjee_passive_gradual_v1 pid=63595  (running=30 pending=59 finished=31)
[launcher] cell  36 FINISHED (rc=0)
[launcher] spawn cell  61 tag=user_A_chatterjee_passive_gradual_v2 pid=63635  (running=30 pending=58 finished=32)
[launcher] cell  19 FINISHED (rc=0)
[launcher] spawn cell  62 tag=user_A_chatterjee_passive_gradual_v3 pid=63653  (running=30 pending=57 finished=33)
[launcher] cell  32 FINISHED (rc=0)
[launcher] spawn cell  63 tag=user_A_chatterjee_passive_gradual_v4 pid=63679  (running=30 pending=56 finished=34)
[launcher] cell  33 FINISHED (rc=0)
[launcher] spawn cell  64 tag=user_A_chatterjee_passive_gradual_v5 pid=63737  (running=30 pending=55 finished=35)
[launcher] cell  40 FINISHED (rc=0)
[launcher] spawn cell  65 tag=user_B_chatterjee_passive_gradual_v1 pid=63746  (running=30 pending=54 finished=36)
[launcher] cell  31 FINISHED (rc=0)
[launcher] cell  41 FINISHED (rc=0)
[launcher] spawn cell  66 tag=user_B_chatterjee_passive_gradual_v2 pid=63754  (running=29 pending=53 finished=38)
[launcher] spawn cell  67 tag=user_B_chatterjee_passive_gradual_v3 pid=63755  (running=30 pending=52 finished=38)
[launcher] cell  35 FINISHED (rc=0)
[launcher] spawn cell  68 tag=user_B_chatterjee_passive_gradual_v4 pid=63771  (running=30 pending=51 finished=39)
[launcher] cell  47 FINISHED (rc=0)
[launcher] spawn cell  69 tag=user_B_chatterjee_passive_gradual_v5 pid=63821  (running=30 pending=50 finished=40)
[launcher] cell  43 FINISHED (rc=0)
[launcher] spawn cell  70 tag=user_A_kong_stochastic_sampler_v1 pid=63826  (running=30 pending=49 finished=41)
[launcher] cell  60 FINISHED (rc=0)
[launcher] spawn cell  71 tag=user_A_kong_stochastic_sampler_v2 pid=63837  (running=30 pending=48 finished=42)
[launcher] cell  42 FINISHED (rc=0)
[launcher] spawn cell  72 tag=user_A_kong_stochastic_sampler_v3 pid=63842  (running=30 pending=47 finished=43)
[launcher] cell  44 FINISHED (rc=0)
[launcher] spawn cell  73 tag=user_A_kong_stochastic_sampler_v4 pid=63850  (running=30 pending=46 finished=44)
[launcher] cell  38 FINISHED (rc=0)
[launcher] spawn cell  74 tag=user_A_kong_stochastic_sampler_v5 pid=63873  (running=30 pending=45 finished=45)
[launcher] cell  45 FINISHED (rc=0)
[launcher] spawn cell  75 tag=user_B_kong_stochastic_sampler_v1 pid=63877  (running=30 pending=44 finished=46)
[launcher] cell  50 FINISHED (rc=0)
[launcher] spawn cell  76 tag=user_B_kong_stochastic_sampler_v2 pid=63880  (running=30 pending=43 finished=47)
[launcher] cell  46 FINISHED (rc=0)
[launcher] spawn cell  77 tag=user_B_kong_stochastic_sampler_v3 pid=63886  (running=30 pending=42 finished=48)
[launcher] cell  62 FINISHED (rc=0)
[launcher] spawn cell  78 tag=user_B_kong_stochastic_sampler_v4 pid=63951  (running=30 pending=41 finished=49)
[launcher] cell  61 FINISHED (rc=0)
[launcher] spawn cell  79 tag=user_B_kong_stochastic_sampler_v5 pid=63954  (running=30 pending=40 finished=50)
[launcher] cell  48 FINISHED (rc=0)
[launcher] spawn cell  80 tag=user_A_kwon_competitive_reactive_guard_v1 pid=63961  (running=30 pending=39 finished=51)
[launcher] cell  49 FINISHED (rc=0)
[launcher] spawn cell  81 tag=user_A_kwon_competitive_reactive_guard_v2 pid=63968  (running=30 pending=38 finished=52)
[launcher] cell  34 FINISHED (rc=0)
[launcher] spawn cell  82 tag=user_A_kwon_competitive_reactive_guard_v3 pid=63997  (running=30 pending=37 finished=53)
[launcher] cell  57 FINISHED (rc=0)
[launcher] spawn cell  83 tag=user_A_kwon_competitive_reactive_guard_v4 pid=64014  (running=30 pending=36 finished=54)
[launcher] cell  66 FINISHED (rc=0)
[launcher] spawn cell  84 tag=user_A_kwon_competitive_reactive_guard_v5 pid=64030  (running=30 pending=35 finished=55)
[launcher] cell  67 FINISHED (rc=0)
[launcher] spawn cell  85 tag=user_B_kwon_competitive_reactive_guard_v1 pid=64033  (running=30 pending=34 finished=56)
[launcher] cell  63 FINISHED (rc=0)
[launcher] spawn cell  86 tag=user_B_kwon_competitive_reactive_guard_v2 pid=64036  (running=30 pending=33 finished=57)
[launcher] cell  65 FINISHED (rc=0)
[launcher] spawn cell  87 tag=user_B_kwon_competitive_reactive_guard_v3 pid=64062  (running=30 pending=32 finished=58)
[launcher] cell  64 FINISHED (rc=0)
[launcher] spawn cell  88 tag=user_B_kwon_competitive_reactive_guard_v4 pid=64080  (running=30 pending=31 finished=59)
[launcher] cell  70 FINISHED (rc=0)
[launcher] spawn cell  89 tag=user_B_kwon_competitive_reactive_guard_v5 pid=64092  (running=30 pending=30 finished=60)
[launcher] cell  39 FINISHED (rc=0)
[launcher] cell  52 FINISHED (rc=0)
[launcher] spawn cell  90 tag=user_A_mangla_mirroring_responder_v1 pid=64096  (running=29 pending=29 finished=62)
[launcher] spawn cell  91 tag=user_A_mangla_mirroring_responder_v2 pid=64097  (running=30 pending=28 finished=62)
[launcher] cell  53 FINISHED (rc=0)
[launcher] spawn cell  92 tag=user_A_mangla_mirroring_responder_v3 pid=64109  (running=30 pending=27 finished=63)
[launcher] cell  68 FINISHED (rc=0)
[launcher] spawn cell  93 tag=user_A_mangla_mirroring_responder_v4 pid=64205  (running=30 pending=26 finished=64)
[launcher] cell  56 FINISHED (rc=0)
[launcher] spawn cell  94 tag=user_A_mangla_mirroring_responder_v5 pid=64237  (running=30 pending=25 finished=65)
[launcher] cell  55 FINISHED (rc=0)
[launcher] spawn cell  95 tag=user_B_mangla_mirroring_responder_v1 pid=64241  (running=30 pending=24 finished=66)
[launcher] cell  71 FINISHED (rc=0)
[launcher] spawn cell  96 tag=user_B_mangla_mirroring_responder_v2 pid=65029  (running=30 pending=23 finished=67)
[launcher] cell  51 FINISHED (rc=0)
[launcher] spawn cell  97 tag=user_B_mangla_mirroring_responder_v3 pid=65054  (running=30 pending=22 finished=68)
[launcher] cell  76 FINISHED (rc=0)
[launcher] spawn cell  98 tag=user_B_mangla_mirroring_responder_v4 pid=65123  (running=30 pending=21 finished=69)
[launcher] cell  90 FINISHED (rc=0)
[launcher] spawn cell  99 tag=user_B_mangla_mirroring_responder_v5 pid=65134  (running=30 pending=20 finished=70)
[launcher] cell  77 FINISHED (rc=0)
[launcher] spawn cell 100 tag=user_A_mazur_grim_trigger_punisher_v1 pid=65171  (running=30 pending=19 finished=71)
[launcher] cell  58 FINISHED (rc=0)
[launcher] spawn cell 101 tag=user_A_mazur_grim_trigger_punisher_v2 pid=65188  (running=30 pending=18 finished=72)
[launcher] cell  92 FINISHED (rc=0)
[launcher] spawn cell 102 tag=user_A_mazur_grim_trigger_punisher_v3 pid=65213  (running=30 pending=17 finished=73)
[launcher] cell  75 FINISHED (rc=0)
[launcher] spawn cell 103 tag=user_A_mazur_grim_trigger_punisher_v4 pid=65222  (running=30 pending=16 finished=74)
[launcher] cell  69 FINISHED (rc=0)
[launcher] spawn cell 104 tag=user_A_mazur_grim_trigger_punisher_v5 pid=65226  (running=30 pending=15 finished=75)
[launcher] cell  80 FINISHED (rc=0)
[launcher] spawn cell 105 tag=user_B_mazur_grim_trigger_punisher_v1 pid=65232  (running=30 pending=14 finished=76)
[launcher] cell  72 FINISHED (rc=0)
[launcher] spawn cell 106 tag=user_B_mazur_grim_trigger_punisher_v2 pid=65237  (running=30 pending=13 finished=77)
[launcher] cell  95 FINISHED (rc=0)
[launcher] spawn cell 107 tag=user_B_mazur_grim_trigger_punisher_v3 pid=65275  (running=30 pending=12 finished=78)
[launcher] cell  94 FINISHED (rc=0)
[launcher] spawn cell 108 tag=user_B_mazur_grim_trigger_punisher_v4 pid=65324  (running=30 pending=11 finished=79)
[launcher] cell  91 FINISHED (rc=0)
[launcher] spawn cell 109 tag=user_B_mazur_grim_trigger_punisher_v5 pid=65330  (running=30 pending=10 finished=80)
[launcher] cell  82 FINISHED (rc=0)
[launcher] spawn cell 110 tag=user_A_mazur_corridor_keeper_v1 pid=65359  (running=30 pending=9 finished=81)
[launcher] cell  81 FINISHED (rc=0)
[launcher] spawn cell 111 tag=user_A_mazur_corridor_keeper_v2 pid=65362  (running=30 pending=8 finished=82)
[launcher] cell  93 FINISHED (rc=0)
[launcher] spawn cell 112 tag=user_A_mazur_corridor_keeper_v3 pid=65367  (running=30 pending=7 finished=83)
[launcher] cell  54 FINISHED (rc=0)
[launcher] spawn cell 113 tag=user_A_mazur_corridor_keeper_v4 pid=65401  (running=30 pending=6 finished=84)
[launcher] cell  96 FINISHED (rc=0)
[launcher] spawn cell 114 tag=user_A_mazur_corridor_keeper_v5 pid=65413  (running=30 pending=5 finished=85)
[launcher] cell  73 FINISHED (rc=0)
[launcher] spawn cell 115 tag=user_B_mazur_corridor_keeper_v1 pid=65417  (running=30 pending=4 finished=86)
[launcher] cell  83 FINISHED (rc=0)
[launcher] spawn cell 116 tag=user_B_mazur_corridor_keeper_v2 pid=65425  (running=30 pending=3 finished=87)
[launcher] cell  78 FINISHED (rc=0)
[launcher] spawn cell 117 tag=user_B_mazur_corridor_keeper_v3 pid=65433  (running=30 pending=2 finished=88)
[launcher] cell  74 FINISHED (rc=0)
[launcher] spawn cell 118 tag=user_B_mazur_corridor_keeper_v4 pid=65439  (running=30 pending=1 finished=89)
[launcher] cell  86 FINISHED (rc=0)
[launcher] spawn cell 119 tag=user_B_mazur_corridor_keeper_v5 pid=65458  (running=30 pending=0 finished=90)
[launcher] cell  84 FINISHED (rc=0)
[launcher] cell  87 FINISHED (rc=0)
[launcher] cell  89 FINISHED (rc=0)
[launcher] cell  85 FINISHED (rc=0)
[launcher] cell  97 FINISHED (rc=0)
[launcher] cell  79 FINISHED (rc=0)
[launcher] cell  88 FINISHED (rc=0)
[launcher] cell  59 FINISHED (rc=0)
[launcher] cell  98 FINISHED (rc=0)
[launcher] cell  99 FINISHED (rc=0)
[launcher] cell 116 FINISHED (rc=0)
[launcher] cell 111 FINISHED (rc=0)
[launcher] cell 113 FINISHED (rc=0)
[launcher] cell 112 FINISHED (rc=0)
[launcher] cell 100 FINISHED (rc=0)
[launcher] cell 101 FINISHED (rc=0)
[launcher] cell 104 FINISHED (rc=0)
[launcher] cell 110 FINISHED (rc=0)
[launcher] cell 117 FINISHED (rc=0)
[launcher] cell 103 FINISHED (rc=0)
[launcher] cell 102 FINISHED (rc=0)
[launcher] cell 119 FINISHED (rc=0)
[launcher] cell 106 FINISHED (rc=0)
[launcher] cell 105 FINISHED (rc=0)
[launcher] cell 109 FINISHED (rc=0)
[launcher] cell 108 FINISHED (rc=0)
[launcher] cell 107 FINISHED (rc=0)
[launcher] cell 114 FINISHED (rc=0)
[launcher] cell 115 FINISHED (rc=0)
[launcher] cell 118 FINISHED (rc=0)
================================================================================
[launcher] all 120 cells dispatched, 120 observed finish, elapsed 2.92 h
================================================================================
