nohup: ignoring input
================================================================================
Launcher  side=user  host=LAPTOP-B4TE0NRA  pid=8108
  cells to run    : 60 / 60
  parallelism     : 30
  base_seed       : 20260425
  n_rounds        : 12
  runs_per_car    : 50
  state_dir       : state
  output_dir      : results
  logs_dir        : logs
================================================================================
[launcher] spawn cell   0 tag=user_A_patient_value_defender_v1 pid=33568  (running=1 pending=59 finished=0)
[launcher] spawn cell   1 tag=user_A_patient_value_defender_v2 pid=19160  (running=2 pending=58 finished=0)
[launcher] spawn cell   2 tag=user_A_patient_value_defender_v3 pid=22936  (running=3 pending=57 finished=0)
[launcher] spawn cell   3 tag=user_A_patient_value_defender_v4 pid=31548  (running=4 pending=56 finished=0)
[launcher] spawn cell   4 tag=user_A_patient_value_defender_v5 pid=21936  (running=5 pending=55 finished=0)
[launcher] spawn cell   5 tag=user_B_patient_value_defender_v1 pid=7852  (running=6 pending=54 finished=0)
[launcher] spawn cell   6 tag=user_B_patient_value_defender_v2 pid=13396  (running=7 pending=53 finished=0)
[launcher] spawn cell   7 tag=user_B_patient_value_defender_v3 pid=29056  (running=8 pending=52 finished=0)
[launcher] spawn cell   8 tag=user_B_patient_value_defender_v4 pid=25224  (running=9 pending=51 finished=0)
[launcher] spawn cell   9 tag=user_B_patient_value_defender_v5 pid=18224  (running=10 pending=50 finished=0)
[launcher] spawn cell  10 tag=user_A_busy_impatient_closer_v1 pid=25556  (running=11 pending=49 finished=0)
[launcher] spawn cell  11 tag=user_A_busy_impatient_closer_v2 pid=16540  (running=12 pending=48 finished=0)
[launcher] spawn cell  12 tag=user_A_busy_impatient_closer_v3 pid=23000  (running=13 pending=47 finished=0)
[launcher] spawn cell  13 tag=user_A_busy_impatient_closer_v4 pid=20032  (running=14 pending=46 finished=0)
[launcher] spawn cell  14 tag=user_A_busy_impatient_closer_v5 pid=33996  (running=15 pending=45 finished=0)
[launcher] spawn cell  15 tag=user_B_busy_impatient_closer_v1 pid=30608  (running=16 pending=44 finished=0)
[launcher] spawn cell  16 tag=user_B_busy_impatient_closer_v2 pid=8868  (running=17 pending=43 finished=0)
[launcher] spawn cell  17 tag=user_B_busy_impatient_closer_v3 pid=10056  (running=18 pending=42 finished=0)
[launcher] spawn cell  18 tag=user_B_busy_impatient_closer_v4 pid=18456  (running=19 pending=41 finished=0)
[launcher] spawn cell  19 tag=user_B_busy_impatient_closer_v5 pid=25908  (running=20 pending=40 finished=0)
[launcher] spawn cell  20 tag=user_A_friendly_rapport_builder_v1 pid=33764  (running=21 pending=39 finished=0)
[launcher] spawn cell  21 tag=user_A_friendly_rapport_builder_v2 pid=31964  (running=22 pending=38 finished=0)
[launcher] spawn cell  22 tag=user_A_friendly_rapport_builder_v3 pid=24720  (running=23 pending=37 finished=0)
[launcher] spawn cell  23 tag=user_A_friendly_rapport_builder_v4 pid=29424  (running=24 pending=36 finished=0)
[launcher] spawn cell  24 tag=user_A_friendly_rapport_builder_v5 pid=2508  (running=25 pending=35 finished=0)
[launcher] spawn cell  25 tag=user_B_friendly_rapport_builder_v1 pid=18880  (running=26 pending=34 finished=0)
[launcher] spawn cell  26 tag=user_B_friendly_rapport_builder_v2 pid=18624  (running=27 pending=33 finished=0)
[launcher] spawn cell  27 tag=user_B_friendly_rapport_builder_v3 pid=32784  (running=28 pending=32 finished=0)
[launcher] spawn cell  28 tag=user_B_friendly_rapport_builder_v4 pid=25488  (running=29 pending=31 finished=0)
[launcher] spawn cell  29 tag=user_B_friendly_rapport_builder_v5 pid=33920  (running=30 pending=30 finished=0)
[launcher] cell  15 FINISHED (rc=0)
[launcher] spawn cell  30 tag=user_A_reciprocal_fairness_keeper_v1 pid=26948  (running=30 pending=29 finished=1)
[launcher] cell  10 FINISHED (rc=0)
[launcher] spawn cell  31 tag=user_A_reciprocal_fairness_keeper_v2 pid=32676  (running=30 pending=28 finished=2)
[launcher] cell  27 FINISHED (rc=0)
[launcher] spawn cell  32 tag=user_A_reciprocal_fairness_keeper_v3 pid=30824  (running=30 pending=27 finished=3)
[launcher] cell  20 FINISHED (rc=0)
[launcher] spawn cell  33 tag=user_A_reciprocal_fairness_keeper_v4 pid=7260  (running=30 pending=26 finished=4)
[launcher] cell  25 FINISHED (rc=0)
[launcher] spawn cell  34 tag=user_A_reciprocal_fairness_keeper_v5 pid=34660  (running=30 pending=25 finished=5)
[launcher] cell   5 FINISHED (rc=0)
[launcher] spawn cell  35 tag=user_B_reciprocal_fairness_keeper_v1 pid=17468  (running=30 pending=24 finished=6)
[launcher] cell  13 FINISHED (rc=0)
[launcher] cell  22 FINISHED (rc=0)
[launcher] spawn cell  36 tag=user_B_reciprocal_fairness_keeper_v2 pid=33360  (running=29 pending=23 finished=8)
[launcher] spawn cell  37 tag=user_B_reciprocal_fairness_keeper_v3 pid=18256  (running=30 pending=22 finished=8)
[launcher] cell   2 FINISHED (rc=0)
[launcher] spawn cell  38 tag=user_B_reciprocal_fairness_keeper_v4 pid=16796  (running=30 pending=21 finished=9)
[launcher] cell  12 FINISHED (rc=0)
[launcher] spawn cell  39 tag=user_B_reciprocal_fairness_keeper_v5 pid=19228  (running=30 pending=20 finished=10)
[launcher] cell   3 FINISHED (rc=0)
[launcher] spawn cell  40 tag=user_A_opponent_aware_diagnostic_v1 pid=27416  (running=30 pending=19 finished=11)
[launcher] cell   7 FINISHED (rc=0)
[launcher] spawn cell  41 tag=user_A_opponent_aware_diagnostic_v2 pid=28144  (running=30 pending=18 finished=12)
[launcher] cell  17 FINISHED (rc=0)
[launcher] spawn cell  42 tag=user_A_opponent_aware_diagnostic_v3 pid=33296  (running=30 pending=17 finished=13)
[launcher] cell   8 FINISHED (rc=0)
[launcher] spawn cell  43 tag=user_A_opponent_aware_diagnostic_v4 pid=30176  (running=30 pending=16 finished=14)
[launcher] cell  23 FINISHED (rc=0)
[launcher] spawn cell  44 tag=user_A_opponent_aware_diagnostic_v5 pid=34904  (running=30 pending=15 finished=15)
[launcher] cell   0 FINISHED (rc=0)
[launcher] spawn cell  45 tag=user_B_opponent_aware_diagnostic_v1 pid=27228  (running=30 pending=14 finished=16)
[launcher] cell   6 FINISHED (rc=0)
[launcher] spawn cell  46 tag=user_B_opponent_aware_diagnostic_v2 pid=31104  (running=30 pending=13 finished=17)
[launcher] cell   1 FINISHED (rc=0)
[launcher] spawn cell  47 tag=user_B_opponent_aware_diagnostic_v3 pid=1580  (running=30 pending=12 finished=18)
[launcher] cell  21 FINISHED (rc=0)
[launcher] spawn cell  48 tag=user_B_opponent_aware_diagnostic_v4 pid=13292  (running=30 pending=11 finished=19)
[launcher] cell  11 FINISHED (rc=0)
[launcher] spawn cell  49 tag=user_B_opponent_aware_diagnostic_v5 pid=14396  (running=30 pending=10 finished=20)
[launcher] cell  18 FINISHED (rc=0)
[launcher] spawn cell  50 tag=user_A_market_expert_value_justifier_v1 pid=23132  (running=30 pending=9 finished=21)
[launcher] cell   4 FINISHED (rc=0)
[launcher] spawn cell  51 tag=user_A_market_expert_value_justifier_v2 pid=35616  (running=30 pending=8 finished=22)
[launcher] cell  28 FINISHED (rc=0)
[launcher] spawn cell  52 tag=user_A_market_expert_value_justifier_v3 pid=19420  (running=30 pending=7 finished=23)
[launcher] cell   9 FINISHED (rc=0)
[launcher] spawn cell  53 tag=user_A_market_expert_value_justifier_v4 pid=6516  (running=30 pending=6 finished=24)
[launcher] cell  14 FINISHED (rc=0)
[launcher] spawn cell  54 tag=user_A_market_expert_value_justifier_v5 pid=33576  (running=30 pending=5 finished=25)
[launcher] cell  16 FINISHED (rc=0)
[launcher] spawn cell  55 tag=user_B_market_expert_value_justifier_v1 pid=35284  (running=30 pending=4 finished=26)
[launcher] cell  26 FINISHED (rc=0)
[launcher] spawn cell  56 tag=user_B_market_expert_value_justifier_v2 pid=9184  (running=30 pending=3 finished=27)
[launcher] cell  24 FINISHED (rc=0)
[launcher] spawn cell  57 tag=user_B_market_expert_value_justifier_v3 pid=11648  (running=30 pending=2 finished=28)
[launcher] cell  19 FINISHED (rc=0)
[launcher] spawn cell  58 tag=user_B_market_expert_value_justifier_v4 pid=22884  (running=30 pending=1 finished=29)
[launcher] cell  29 FINISHED (rc=0)
[launcher] spawn cell  59 tag=user_B_market_expert_value_justifier_v5 pid=15624  (running=30 pending=0 finished=30)
[launcher] cell  35 FINISHED (rc=0)
[launcher] cell  42 FINISHED (rc=0)
[launcher] cell  32 FINISHED (rc=0)
[launcher] cell  31 FINISHED (rc=0)
[launcher] cell  37 FINISHED (rc=0)
[launcher] cell  43 FINISHED (rc=0)
[launcher] cell  50 FINISHED (rc=0)
[launcher] cell  33 FINISHED (rc=0)
[launcher] cell  45 FINISHED (rc=0)
[launcher] cell  52 FINISHED (rc=0)
[launcher] cell  47 FINISHED (rc=0)
[launcher] cell  30 FINISHED (rc=0)
[launcher] cell  34 FINISHED (rc=0)
[launcher] cell  40 FINISHED (rc=0)
[launcher] cell  53 FINISHED (rc=0)
[launcher] cell  38 FINISHED (rc=0)
[launcher] cell  36 FINISHED (rc=0)
[launcher] cell  55 FINISHED (rc=0)
[launcher] cell  41 FINISHED (rc=0)
[launcher] cell  48 FINISHED (rc=0)
[launcher] cell  51 FINISHED (rc=0)
[launcher] cell  57 FINISHED (rc=0)
[launcher] cell  46 FINISHED (rc=0)
[launcher] cell  58 FINISHED (rc=0)
[launcher] cell  54 FINISHED (rc=0)
[launcher] cell  56 FINISHED (rc=0)
[launcher] cell  44 FINISHED (rc=0)
[launcher] cell  49 FINISHED (rc=0)
[launcher] cell  39 FINISHED (rc=0)
[launcher] cell  59 FINISHED (rc=0)
================================================================================
[launcher] all 60 cells dispatched, 60 observed finish, elapsed 3.20 h
================================================================================
