nohup: ignoring input
=== LAUNCHER PID 32928  host LAPTOP-B4TE0NRA ===
    spawning 12 workers  (indices: [0, 1, 2, 3, 4, 5, 6, 7, 8, 9, 10, 11])
    log_dir=logs  state_dir=state  output_dir=results
    [ 0] spawned pid=20132  tag=exp00_fixed_patient_value_defender__vs__natural_buyer  log=logs\exp00_fixed_patient_value_defender__vs__natural_buyer.log
    [ 1] spawned pid=33600  tag=exp01_fixed_busy_impatient_closer__vs__natural_buyer  log=logs\exp01_fixed_busy_impatient_closer__vs__natural_buyer.log
    [ 2] spawned pid=20816  tag=exp02_fixed_friendly_rapport_builder__vs__natural_buyer  log=logs\exp02_fixed_friendly_rapport_builder__vs__natural_buyer.log
    [ 3] spawned pid=23944  tag=exp03_fixed_reciprocal_fairness_keeper__vs__natural_buyer  log=logs\exp03_fixed_reciprocal_fairness_keeper__vs__natural_buyer.log
    [ 4] spawned pid=13732  tag=exp04_fixed_opponent_aware_diagnostic__vs__natural_buyer  log=logs\exp04_fixed_opponent_aware_diagnostic__vs__natural_buyer.log
    [ 5] spawned pid=24360  tag=exp05_fixed_market_expert_value_justifier__vs__natural_buyer  log=logs\exp05_fixed_market_expert_value_justifier__vs__natural_buyer.log
    [ 6] spawned pid=1248  tag=exp06_fixed_patient_value_defender__vs__mirror_patient_value_defender  log=logs\exp06_fixed_patient_value_defender__vs__mirror_patient_value_defender.log
    [ 7] spawned pid=30784  tag=exp07_fixed_busy_impatient_closer__vs__mirror_busy_impatient_closer  log=logs\exp07_fixed_busy_impatient_closer__vs__mirror_busy_impatient_closer.log
    [ 8] spawned pid=7968  tag=exp08_fixed_friendly_rapport_builder__vs__mirror_friendly_rapport_builder  log=logs\exp08_fixed_friendly_rapport_builder__vs__mirror_friendly_rapport_builder.log
    [ 9] spawned pid=32716  tag=exp09_fixed_reciprocal_fairness_keeper__vs__mirror_reciprocal_fairness_keeper  log=logs\exp09_fixed_reciprocal_fairness_keeper__vs__mirror_reciprocal_fairness_keeper.log
    [10] spawned pid=26292  tag=exp10_fixed_opponent_aware_diagnostic__vs__mirror_opponent_aware_diagnostic  log=logs\exp10_fixed_opponent_aware_diagnostic__vs__mirror_opponent_aware_diagnostic.log
    [11] spawned pid=27092  tag=exp11_fixed_market_expert_value_justifier__vs__mirror_market_expert_value_justifier  log=logs\exp11_fixed_market_expert_value_justifier__vs__mirror_market_expert_value_justifier.log

=== all workers exited ===
    [ 0] pid= 20132  exit=0  tag=exp00_fixed_patient_value_defender__vs__natural_buyer
    [ 1] pid= 33600  exit=0  tag=exp01_fixed_busy_impatient_closer__vs__natural_buyer
    [ 2] pid= 20816  exit=0  tag=exp02_fixed_friendly_rapport_builder__vs__natural_buyer
    [ 3] pid= 23944  exit=0  tag=exp03_fixed_reciprocal_fairness_keeper__vs__natural_buyer
    [ 4] pid= 13732  exit=0  tag=exp04_fixed_opponent_aware_diagnostic__vs__natural_buyer
    [ 5] pid= 24360  exit=0  tag=exp05_fixed_market_expert_value_justifier__vs__natural_buyer
    [ 6] pid=  1248  exit=0  tag=exp06_fixed_patient_value_defender__vs__mirror_patient_value_defender
    [ 7] pid= 30784  exit=0  tag=exp07_fixed_busy_impatient_closer__vs__mirror_busy_impatient_closer
    [ 8] pid=  7968  exit=0  tag=exp08_fixed_friendly_rapport_builder__vs__mirror_friendly_rapport_builder
    [ 9] pid= 32716  exit=0  tag=exp09_fixed_reciprocal_fairness_keeper__vs__mirror_reciprocal_fairness_keeper
    [10] pid= 26292  exit=0  tag=exp10_fixed_opponent_aware_diagnostic__vs__mirror_opponent_aware_diagnostic
    [11] pid= 27092  exit=0  tag=exp11_fixed_market_expert_value_justifier__vs__mirror_market_expert_value_justifier
