================================================================================
Launcher  side=user  host=weiziyideMacBook-Pro.local  pid=48831
  cells to run    : 180 / 180
  parallelism     : 30
  base_seed       : 20260425
  n_rounds        : 30
  runs_per_car    : 10
  state_dir       : state_E
  output_dir      : results_E
  logs_dir        : logs_E
================================================================================
[launcher] spawn cell   0 tag=user_A_fu_high_price_brief_anchor_v1 pid=48916  (running=1 pending=179 finished=0)
[launcher] spawn cell   1 tag=user_A_fu_high_price_brief_anchor_v2 pid=48922  (running=2 pending=178 finished=0)
[launcher] spawn cell   2 tag=user_A_fu_high_price_brief_anchor_v3 pid=48926  (running=3 pending=177 finished=0)
[launcher] spawn cell   3 tag=user_A_fu_high_price_brief_anchor_v4 pid=48927  (running=4 pending=176 finished=0)
[launcher] spawn cell   4 tag=user_A_fu_high_price_brief_anchor_v5 pid=48928  (running=5 pending=175 finished=0)
[launcher] spawn cell   5 tag=user_B_fu_high_price_brief_anchor_v1 pid=48929  (running=6 pending=174 finished=0)
[launcher] spawn cell   6 tag=user_B_fu_high_price_brief_anchor_v2 pid=48930  (running=7 pending=173 finished=0)
[launcher] spawn cell   7 tag=user_B_fu_high_price_brief_anchor_v3 pid=48931  (running=8 pending=172 finished=0)
[launcher] spawn cell   8 tag=user_B_fu_high_price_brief_anchor_v4 pid=48932  (running=9 pending=171 finished=0)
[launcher] spawn cell   9 tag=user_B_fu_high_price_brief_anchor_v5 pid=48933  (running=10 pending=170 finished=0)
[launcher] spawn cell  10 tag=user_C_fu_high_price_brief_anchor_v1 pid=48934  (running=11 pending=169 finished=0)
[launcher] spawn cell  11 tag=user_C_fu_high_price_brief_anchor_v2 pid=48935  (running=12 pending=168 finished=0)
[launcher] spawn cell  12 tag=user_C_fu_high_price_brief_anchor_v3 pid=48936  (running=13 pending=167 finished=0)
[launcher] spawn cell  13 tag=user_C_fu_high_price_brief_anchor_v4 pid=48937  (running=14 pending=166 finished=0)
[launcher] spawn cell  14 tag=user_C_fu_high_price_brief_anchor_v5 pid=48938  (running=15 pending=165 finished=0)
[launcher] spawn cell  15 tag=user_A_deng_patient_rational_extractor_v1 pid=48939  (running=16 pending=164 finished=0)
[launcher] spawn cell  16 tag=user_A_deng_patient_rational_extractor_v2 pid=48940  (running=17 pending=163 finished=0)
[launcher] spawn cell  17 tag=user_A_deng_patient_rational_extractor_v3 pid=48941  (running=18 pending=162 finished=0)
[launcher] spawn cell  18 tag=user_A_deng_patient_rational_extractor_v4 pid=48942  (running=19 pending=161 finished=0)
[launcher] spawn cell  19 tag=user_A_deng_patient_rational_extractor_v5 pid=48943  (running=20 pending=160 finished=0)
[launcher] spawn cell  20 tag=user_B_deng_patient_rational_extractor_v1 pid=48944  (running=21 pending=159 finished=0)
[launcher] spawn cell  21 tag=user_B_deng_patient_rational_extractor_v2 pid=48946  (running=22 pending=158 finished=0)
[launcher] spawn cell  22 tag=user_B_deng_patient_rational_extractor_v3 pid=48947  (running=23 pending=157 finished=0)
[launcher] spawn cell  23 tag=user_B_deng_patient_rational_extractor_v4 pid=48951  (running=24 pending=156 finished=0)
[launcher] spawn cell  24 tag=user_B_deng_patient_rational_extractor_v5 pid=48952  (running=25 pending=155 finished=0)
[launcher] spawn cell  25 tag=user_C_deng_patient_rational_extractor_v1 pid=48954  (running=26 pending=154 finished=0)
[launcher] spawn cell  26 tag=user_C_deng_patient_rational_extractor_v2 pid=48955  (running=27 pending=153 finished=0)
[launcher] spawn cell  27 tag=user_C_deng_patient_rational_extractor_v3 pid=48959  (running=28 pending=152 finished=0)
[launcher] spawn cell  28 tag=user_C_deng_patient_rational_extractor_v4 pid=48960  (running=29 pending=151 finished=0)
[launcher] spawn cell  29 tag=user_C_deng_patient_rational_extractor_v5 pid=48961  (running=30 pending=150 finished=0)
[launcher] cell   7 FINISHED (rc=0)
[launcher] spawn cell  30 tag=user_A_vaccaro_warm_high_dominance_v1 pid=49260  (running=30 pending=149 finished=1)
[launcher] cell   6 FINISHED (rc=0)
[launcher] spawn cell  31 tag=user_A_vaccaro_warm_high_dominance_v2 pid=49270  (running=30 pending=148 finished=2)
[launcher] cell   8 FINISHED (rc=0)
[launcher] spawn cell  32 tag=user_A_vaccaro_warm_high_dominance_v3 pid=49336  (running=30 pending=147 finished=3)
[launcher] cell   5 FINISHED (rc=0)
[launcher] spawn cell  33 tag=user_A_vaccaro_warm_high_dominance_v4 pid=49345  (running=30 pending=146 finished=4)
[launcher] cell  12 FINISHED (rc=0)
[launcher] spawn cell  34 tag=user_A_vaccaro_warm_high_dominance_v5 pid=49382  (running=30 pending=145 finished=5)
[launcher] cell  11 FINISHED (rc=0)
[launcher] spawn cell  35 tag=user_B_vaccaro_warm_high_dominance_v1 pid=49385  (running=30 pending=144 finished=6)
[launcher] cell  22 FINISHED (rc=0)
[launcher] spawn cell  36 tag=user_B_vaccaro_warm_high_dominance_v2 pid=49406  (running=30 pending=143 finished=7)
[launcher] cell   2 FINISHED (rc=0)
[launcher] spawn cell  37 tag=user_B_vaccaro_warm_high_dominance_v3 pid=49437  (running=30 pending=142 finished=8)
[launcher] cell  10 FINISHED (rc=0)
[launcher] spawn cell  38 tag=user_B_vaccaro_warm_high_dominance_v4 pid=49501  (running=30 pending=141 finished=9)
[launcher] cell  13 FINISHED (rc=0)
[launcher] spawn cell  39 tag=user_B_vaccaro_warm_high_dominance_v5 pid=49509  (running=30 pending=140 finished=10)
[launcher] cell   0 FINISHED (rc=0)
[launcher] spawn cell  40 tag=user_C_vaccaro_warm_high_dominance_v1 pid=49527  (running=30 pending=139 finished=11)
[launcher] cell   3 FINISHED (rc=0)
[launcher] spawn cell  41 tag=user_C_vaccaro_warm_high_dominance_v2 pid=49534  (running=30 pending=138 finished=12)
[launcher] cell   9 FINISHED (rc=0)
[launcher] spawn cell  42 tag=user_C_vaccaro_warm_high_dominance_v3 pid=49581  (running=30 pending=137 finished=13)
[launcher] cell   1 FINISHED (rc=0)
[launcher] spawn cell  43 tag=user_C_vaccaro_warm_high_dominance_v4 pid=49615  (running=30 pending=136 finished=14)
[launcher] cell   4 FINISHED (rc=0)
[launcher] spawn cell  44 tag=user_C_vaccaro_warm_high_dominance_v5 pid=49623  (running=30 pending=135 finished=15)
[launcher] cell  14 FINISHED (rc=0)
[launcher] spawn cell  45 tag=user_A_liu_mental_model_tactician_v1 pid=49677  (running=30 pending=134 finished=16)
[launcher] cell  21 FINISHED (rc=0)
[launcher] spawn cell  46 tag=user_A_liu_mental_model_tactician_v2 pid=49708  (running=30 pending=133 finished=17)
[launcher] cell  20 FINISHED (rc=0)
[launcher] spawn cell  47 tag=user_A_liu_mental_model_tactician_v3 pid=50030  (running=30 pending=132 finished=18)
[launcher] cell  23 FINISHED (rc=0)
[launcher] spawn cell  48 tag=user_A_liu_mental_model_tactician_v4 pid=50063  (running=30 pending=131 finished=19)
[launcher] cell  28 FINISHED (rc=0)
[launcher] spawn cell  49 tag=user_A_liu_mental_model_tactician_v5 pid=50072  (running=30 pending=130 finished=20)
[launcher] cell  27 FINISHED (rc=0)
[launcher] spawn cell  50 tag=user_B_liu_mental_model_tactician_v1 pid=50077  (running=30 pending=129 finished=21)
[launcher] cell  29 FINISHED (rc=0)
[launcher] spawn cell  51 tag=user_B_liu_mental_model_tactician_v2 pid=50081  (running=30 pending=128 finished=22)
[launcher] cell  19 FINISHED (rc=0)
[launcher] spawn cell  52 tag=user_B_liu_mental_model_tactician_v3 pid=50092  (running=30 pending=127 finished=23)
[launcher] cell  15 FINISHED (rc=0)
[launcher] spawn cell  53 tag=user_B_liu_mental_model_tactician_v4 pid=50100  (running=30 pending=126 finished=24)
[launcher] cell  18 FINISHED (rc=0)
[launcher] spawn cell  54 tag=user_B_liu_mental_model_tactician_v5 pid=50108  (running=30 pending=125 finished=25)
[launcher] cell  16 FINISHED (rc=0)
[launcher] spawn cell  55 tag=user_C_liu_mental_model_tactician_v1 pid=50111  (running=30 pending=124 finished=26)
[launcher] cell  26 FINISHED (rc=0)
[launcher] spawn cell  56 tag=user_C_liu_mental_model_tactician_v2 pid=50115  (running=30 pending=123 finished=27)
[launcher] cell  24 FINISHED (rc=0)
[launcher] spawn cell  57 tag=user_C_liu_mental_model_tactician_v3 pid=50126  (running=30 pending=122 finished=28)
[launcher] cell  17 FINISHED (rc=0)
[launcher] spawn cell  58 tag=user_C_liu_mental_model_tactician_v4 pid=50130  (running=30 pending=121 finished=29)
[launcher] cell  25 FINISHED (rc=0)
[launcher] spawn cell  59 tag=user_C_liu_mental_model_tactician_v5 pid=50135  (running=30 pending=120 finished=30)
[launcher] cell  37 FINISHED (rc=0)
[launcher] spawn cell  60 tag=user_A_chatterjee_aggressive_high_ask_v1 pid=50156  (running=30 pending=119 finished=31)
[launcher] cell  36 FINISHED (rc=0)
[launcher] spawn cell  61 tag=user_A_chatterjee_aggressive_high_ask_v2 pid=50188  (running=30 pending=118 finished=32)
[launcher] cell  35 FINISHED (rc=0)
[launcher] spawn cell  62 tag=user_A_chatterjee_aggressive_high_ask_v3 pid=50299  (running=30 pending=117 finished=33)
[launcher] cell  38 FINISHED (rc=0)
[launcher] spawn cell  63 tag=user_A_chatterjee_aggressive_high_ask_v4 pid=50374  (running=30 pending=116 finished=34)
[launcher] cell  30 FINISHED (rc=0)
[launcher] spawn cell  64 tag=user_A_chatterjee_aggressive_high_ask_v5 pid=50378  (running=30 pending=115 finished=35)
[launcher] cell  31 FINISHED (rc=0)
[launcher] spawn cell  65 tag=user_B_chatterjee_aggressive_high_ask_v1 pid=50390  (running=30 pending=114 finished=36)
[launcher] cell  32 FINISHED (rc=0)
[launcher] spawn cell  66 tag=user_B_chatterjee_aggressive_high_ask_v2 pid=50439  (running=30 pending=113 finished=37)
[launcher] cell  33 FINISHED (rc=0)
[launcher] spawn cell  67 tag=user_B_chatterjee_aggressive_high_ask_v3 pid=50455  (running=30 pending=112 finished=38)
[launcher] cell  34 FINISHED (rc=0)
[launcher] spawn cell  68 tag=user_B_chatterjee_aggressive_high_ask_v4 pid=50567  (running=30 pending=111 finished=39)
[launcher] cell  39 FINISHED (rc=0)
[launcher] spawn cell  69 tag=user_B_chatterjee_aggressive_high_ask_v5 pid=50600  (running=30 pending=110 finished=40)
[launcher] cell  51 FINISHED (rc=0)
[launcher] spawn cell  70 tag=user_C_chatterjee_aggressive_high_ask_v1 pid=50660  (running=30 pending=109 finished=41)
[launcher] cell  42 FINISHED (rc=0)
[launcher] spawn cell  71 tag=user_C_chatterjee_aggressive_high_ask_v2 pid=50696  (running=30 pending=108 finished=42)
[launcher] cell  52 FINISHED (rc=0)
[launcher] spawn cell  72 tag=user_C_chatterjee_aggressive_high_ask_v3 pid=50705  (running=30 pending=107 finished=43)
[launcher] cell  41 FINISHED (rc=0)
[launcher] spawn cell  73 tag=user_C_chatterjee_aggressive_high_ask_v4 pid=50804  (running=30 pending=106 finished=44)
[launcher] cell  40 FINISHED (rc=0)
[launcher] spawn cell  74 tag=user_C_chatterjee_aggressive_high_ask_v5 pid=50808  (running=30 pending=105 finished=45)
[launcher] cell  44 FINISHED (rc=0)
[launcher] spawn cell  75 tag=user_A_chatterjee_fair_midpoint_v1 pid=50812  (running=30 pending=104 finished=46)
[launcher] cell  43 FINISHED (rc=0)
[launcher] spawn cell  76 tag=user_A_chatterjee_fair_midpoint_v2 pid=50815  (running=30 pending=103 finished=47)
[launcher] cell  50 FINISHED (rc=0)
[launcher] spawn cell  77 tag=user_A_chatterjee_fair_midpoint_v3 pid=50870  (running=30 pending=102 finished=48)
[launcher] cell  46 FINISHED (rc=0)
[launcher] spawn cell  78 tag=user_A_chatterjee_fair_midpoint_v4 pid=50873  (running=30 pending=101 finished=49)
[launcher] cell  45 FINISHED (rc=0)
[launcher] spawn cell  79 tag=user_A_chatterjee_fair_midpoint_v5 pid=50964  (running=30 pending=100 finished=50)
[launcher] cell  53 FINISHED (rc=0)
[launcher] spawn cell  80 tag=user_B_chatterjee_fair_midpoint_v1 pid=50980  (running=30 pending=99 finished=51)
[launcher] cell  47 FINISHED (rc=0)
[launcher] spawn cell  81 tag=user_B_chatterjee_fair_midpoint_v2 pid=50990  (running=30 pending=98 finished=52)
[launcher] cell  61 FINISHED (rc=0)
[launcher] spawn cell  82 tag=user_B_chatterjee_fair_midpoint_v3 pid=51029  (running=30 pending=97 finished=53)
[launcher] cell  60 FINISHED (rc=0)
[launcher] spawn cell  83 tag=user_B_chatterjee_fair_midpoint_v4 pid=51035  (running=30 pending=96 finished=54)
[launcher] cell  48 FINISHED (rc=0)
[launcher] spawn cell  84 tag=user_B_chatterjee_fair_midpoint_v5 pid=51049  (running=30 pending=95 finished=55)
[launcher] cell  49 FINISHED (rc=0)
[launcher] spawn cell  85 tag=user_C_chatterjee_fair_midpoint_v1 pid=51073  (running=30 pending=94 finished=56)
[launcher] cell  62 FINISHED (rc=0)
[launcher] spawn cell  86 tag=user_C_chatterjee_fair_midpoint_v2 pid=51151  (running=30 pending=93 finished=57)
[launcher] cell  56 FINISHED (rc=0)
[launcher] spawn cell  87 tag=user_C_chatterjee_fair_midpoint_v3 pid=51164  (running=30 pending=92 finished=58)
[launcher] cell  67 FINISHED (rc=0)
[launcher] spawn cell  88 tag=user_C_chatterjee_fair_midpoint_v4 pid=51169  (running=30 pending=91 finished=59)
[launcher] cell  59 FINISHED (rc=0)
[launcher] spawn cell  89 tag=user_C_chatterjee_fair_midpoint_v5 pid=51173  (running=30 pending=90 finished=60)
[launcher] cell  57 FINISHED (rc=0)
[launcher] spawn cell  90 tag=user_A_chatterjee_passive_gradual_v1 pid=51179  (running=30 pending=89 finished=61)
[launcher] cell  64 FINISHED (rc=0)
[launcher] spawn cell  91 tag=user_A_chatterjee_passive_gradual_v2 pid=51183  (running=30 pending=88 finished=62)
[launcher] cell  58 FINISHED (rc=0)
[launcher] spawn cell  92 tag=user_A_chatterjee_passive_gradual_v3 pid=51191  (running=30 pending=87 finished=63)
[launcher] cell  54 FINISHED (rc=0)
[launcher] spawn cell  93 tag=user_A_chatterjee_passive_gradual_v4 pid=51255  (running=30 pending=86 finished=64)
[launcher] cell  66 FINISHED (rc=0)
[launcher] spawn cell  94 tag=user_A_chatterjee_passive_gradual_v5 pid=51265  (running=30 pending=85 finished=65)
[launcher] cell  63 FINISHED (rc=0)
[launcher] spawn cell  95 tag=user_B_chatterjee_passive_gradual_v1 pid=51275  (running=30 pending=84 finished=66)
[launcher] cell  65 FINISHED (rc=0)
[launcher] spawn cell  96 tag=user_B_chatterjee_passive_gradual_v2 pid=51282  (running=30 pending=83 finished=67)
[launcher] cell  55 FINISHED (rc=0)
[launcher] spawn cell  97 tag=user_B_chatterjee_passive_gradual_v3 pid=51299  (running=30 pending=82 finished=68)
[launcher] cell  69 FINISHED (rc=0)
[launcher] spawn cell  98 tag=user_B_chatterjee_passive_gradual_v4 pid=51341  (running=30 pending=81 finished=69)
[launcher] cell  70 FINISHED (rc=0)
[launcher] spawn cell  99 tag=user_B_chatterjee_passive_gradual_v5 pid=51346  (running=30 pending=80 finished=70)
[launcher] cell  72 FINISHED (rc=0)
[launcher] spawn cell 100 tag=user_C_chatterjee_passive_gradual_v1 pid=51378  (running=30 pending=79 finished=71)
[launcher] cell  71 FINISHED (rc=0)
[launcher] spawn cell 101 tag=user_C_chatterjee_passive_gradual_v2 pid=51383  (running=30 pending=78 finished=72)
[launcher] cell  68 FINISHED (rc=0)
[launcher] spawn cell 102 tag=user_C_chatterjee_passive_gradual_v3 pid=51388  (running=30 pending=77 finished=73)
[launcher] cell  73 FINISHED (rc=0)
[launcher] spawn cell 103 tag=user_C_chatterjee_passive_gradual_v4 pid=51413  (running=30 pending=76 finished=74)
[launcher] cell  74 FINISHED (rc=0)
[launcher] spawn cell 104 tag=user_C_chatterjee_passive_gradual_v5 pid=51437  (running=30 pending=75 finished=75)
[launcher] cell  82 FINISHED (rc=0)
[launcher] spawn cell 105 tag=user_A_kong_stochastic_sampler_v1 pid=51494  (running=30 pending=74 finished=76)
[launcher] cell  96 FINISHED (rc=0)
[launcher] spawn cell 106 tag=user_A_kong_stochastic_sampler_v2 pid=51500  (running=30 pending=73 finished=77)
[launcher] cell  95 FINISHED (rc=0)
[launcher] spawn cell 107 tag=user_A_kong_stochastic_sampler_v3 pid=51548  (running=30 pending=72 finished=78)
[launcher] cell  81 FINISHED (rc=0)
[launcher] spawn cell 108 tag=user_A_kong_stochastic_sampler_v4 pid=51579  (running=30 pending=71 finished=79)
[launcher] cell  97 FINISHED (rc=0)
[launcher] spawn cell 109 tag=user_A_kong_stochastic_sampler_v5 pid=51591  (running=30 pending=70 finished=80)
[launcher] cell  90 FINISHED (rc=0)
[launcher] spawn cell 110 tag=user_B_kong_stochastic_sampler_v1 pid=51601  (running=30 pending=69 finished=81)
[launcher] cell  91 FINISHED (rc=0)
[launcher] spawn cell 111 tag=user_B_kong_stochastic_sampler_v2 pid=51632  (running=30 pending=68 finished=82)
[launcher] cell  92 FINISHED (rc=0)
[launcher] spawn cell 112 tag=user_B_kong_stochastic_sampler_v3 pid=51637  (running=30 pending=67 finished=83)
[launcher] cell  80 FINISHED (rc=0)
[launcher] spawn cell 113 tag=user_B_kong_stochastic_sampler_v4 pid=51642  (running=30 pending=66 finished=84)
[launcher] cell  94 FINISHED (rc=0)
[launcher] spawn cell 114 tag=user_B_kong_stochastic_sampler_v5 pid=51655  (running=30 pending=65 finished=85)
[launcher] cell  93 FINISHED (rc=0)
[launcher] spawn cell 115 tag=user_C_kong_stochastic_sampler_v1 pid=51673  (running=30 pending=64 finished=86)
[launcher] cell  98 FINISHED (rc=0)
[launcher] spawn cell 116 tag=user_C_kong_stochastic_sampler_v2 pid=51738  (running=30 pending=63 finished=87)
[launcher] cell 100 FINISHED (rc=0)
[launcher] spawn cell 117 tag=user_C_kong_stochastic_sampler_v3 pid=51792  (running=30 pending=62 finished=88)
[launcher] cell  99 FINISHED (rc=0)
[launcher] spawn cell 118 tag=user_C_kong_stochastic_sampler_v4 pid=51799  (running=30 pending=61 finished=89)
[launcher] cell 101 FINISHED (rc=0)
[launcher] spawn cell 119 tag=user_C_kong_stochastic_sampler_v5 pid=51806  (running=30 pending=60 finished=90)
[launcher] cell 102 FINISHED (rc=0)
[launcher] spawn cell 120 tag=user_A_kwon_competitive_reactive_guard_v1 pid=51874  (running=30 pending=59 finished=91)
[launcher] cell  76 FINISHED (rc=0)
[launcher] spawn cell 121 tag=user_A_kwon_competitive_reactive_guard_v2 pid=51897  (running=30 pending=58 finished=92)
[launcher] cell  75 FINISHED (rc=0)
[launcher] spawn cell 122 tag=user_A_kwon_competitive_reactive_guard_v3 pid=51944  (running=30 pending=57 finished=93)
[launcher] cell 103 FINISHED (rc=0)
[launcher] spawn cell 123 tag=user_A_kwon_competitive_reactive_guard_v4 pid=51949  (running=30 pending=56 finished=94)
[launcher] cell  78 FINISHED (rc=0)
[launcher] spawn cell 124 tag=user_A_kwon_competitive_reactive_guard_v5 pid=51965  (running=30 pending=55 finished=95)
[launcher] cell  83 FINISHED (rc=0)
[launcher] spawn cell 125 tag=user_B_kwon_competitive_reactive_guard_v1 pid=51974  (running=30 pending=54 finished=96)
[launcher] cell 104 FINISHED (rc=0)
[launcher] spawn cell 126 tag=user_B_kwon_competitive_reactive_guard_v2 pid=51985  (running=30 pending=53 finished=97)
[launcher] cell  88 FINISHED (rc=0)
[launcher] spawn cell 127 tag=user_B_kwon_competitive_reactive_guard_v3 pid=52045  (running=30 pending=52 finished=98)
[launcher] cell  77 FINISHED (rc=0)
[launcher] spawn cell 128 tag=user_B_kwon_competitive_reactive_guard_v4 pid=52052  (running=30 pending=51 finished=99)
[launcher] cell  89 FINISHED (rc=0)
[launcher] spawn cell 129 tag=user_B_kwon_competitive_reactive_guard_v5 pid=52060  (running=30 pending=50 finished=100)
[launcher] cell  79 FINISHED (rc=0)
[launcher] spawn cell 130 tag=user_C_kwon_competitive_reactive_guard_v1 pid=52067  (running=30 pending=49 finished=101)
[launcher] cell  87 FINISHED (rc=0)
[launcher] spawn cell 131 tag=user_C_kwon_competitive_reactive_guard_v2 pid=52109  (running=30 pending=48 finished=102)
[launcher] cell 111 FINISHED (rc=0)
[launcher] spawn cell 132 tag=user_C_kwon_competitive_reactive_guard_v3 pid=52115  (running=30 pending=47 finished=103)
[launcher] cell  86 FINISHED (rc=0)
[launcher] spawn cell 133 tag=user_C_kwon_competitive_reactive_guard_v4 pid=52122  (running=30 pending=46 finished=104)
[launcher] cell 112 FINISHED (rc=0)
[launcher] spawn cell 134 tag=user_C_kwon_competitive_reactive_guard_v5 pid=52141  (running=30 pending=45 finished=105)
[launcher] cell  85 FINISHED (rc=0)
[launcher] spawn cell 135 tag=user_A_mangla_mirroring_responder_v1 pid=52144  (running=30 pending=44 finished=106)
[launcher] cell  84 FINISHED (rc=0)
[launcher] spawn cell 136 tag=user_A_mangla_mirroring_responder_v2 pid=52160  (running=30 pending=43 finished=107)
[launcher] cell 110 FINISHED (rc=0)
[launcher] spawn cell 137 tag=user_A_mangla_mirroring_responder_v3 pid=52169  (running=30 pending=42 finished=108)
[launcher] cell 106 FINISHED (rc=0)
[launcher] spawn cell 138 tag=user_A_mangla_mirroring_responder_v4 pid=52197  (running=30 pending=41 finished=109)
[launcher] cell 105 FINISHED (rc=0)
[launcher] spawn cell 139 tag=user_A_mangla_mirroring_responder_v5 pid=52223  (running=30 pending=40 finished=110)
[launcher] cell 113 FINISHED (rc=0)
[launcher] spawn cell 140 tag=user_B_mangla_mirroring_responder_v1 pid=52264  (running=30 pending=39 finished=111)
[launcher] cell 109 FINISHED (rc=0)
[launcher] spawn cell 141 tag=user_B_mangla_mirroring_responder_v2 pid=52272  (running=30 pending=38 finished=112)
[launcher] cell 107 FINISHED (rc=0)
[launcher] spawn cell 142 tag=user_B_mangla_mirroring_responder_v3 pid=52275  (running=30 pending=37 finished=113)
[launcher] cell 108 FINISHED (rc=0)
[launcher] spawn cell 143 tag=user_B_mangla_mirroring_responder_v4 pid=52280  (running=30 pending=36 finished=114)
[launcher] cell 114 FINISHED (rc=0)
[launcher] spawn cell 144 tag=user_B_mangla_mirroring_responder_v5 pid=52331  (running=30 pending=35 finished=115)
[launcher] cell 120 FINISHED (rc=0)
[launcher] spawn cell 145 tag=user_C_mangla_mirroring_responder_v1 pid=52352  (running=30 pending=34 finished=116)
[launcher] cell 116 FINISHED (rc=0)
[launcher] spawn cell 146 tag=user_C_mangla_mirroring_responder_v2 pid=52355  (running=30 pending=33 finished=117)
[launcher] cell 115 FINISHED (rc=0)
[launcher] spawn cell 147 tag=user_C_mangla_mirroring_responder_v3 pid=52358  (running=30 pending=32 finished=118)
[launcher] cell 122 FINISHED (rc=0)
[launcher] spawn cell 148 tag=user_C_mangla_mirroring_responder_v4 pid=52361  (running=30 pending=31 finished=119)
[launcher] cell 126 FINISHED (rc=0)
[launcher] spawn cell 149 tag=user_C_mangla_mirroring_responder_v5 pid=52367  (running=30 pending=30 finished=120)
[launcher] cell 125 FINISHED (rc=0)
[launcher] spawn cell 150 tag=user_A_mazur_grim_trigger_punisher_v1 pid=52370  (running=30 pending=29 finished=121)
[launcher] cell 121 FINISHED (rc=0)
[launcher] spawn cell 151 tag=user_A_mazur_grim_trigger_punisher_v2 pid=52373  (running=30 pending=28 finished=122)
[launcher] cell 127 FINISHED (rc=0)
[launcher] spawn cell 152 tag=user_A_mazur_grim_trigger_punisher_v3 pid=52376  (running=30 pending=27 finished=123)
[launcher] cell 124 FINISHED (rc=0)
[launcher] spawn cell 153 tag=user_A_mazur_grim_trigger_punisher_v4 pid=52382  (running=30 pending=26 finished=124)
[launcher] cell 123 FINISHED (rc=0)
[launcher] spawn cell 154 tag=user_A_mazur_grim_trigger_punisher_v5 pid=52391  (running=30 pending=25 finished=125)
[launcher] cell 130 FINISHED (rc=0)
[launcher] spawn cell 155 tag=user_B_mazur_grim_trigger_punisher_v1 pid=52395  (running=30 pending=24 finished=126)
[launcher] cell 117 FINISHED (rc=0)
[launcher] spawn cell 156 tag=user_B_mazur_grim_trigger_punisher_v2 pid=52398  (running=30 pending=23 finished=127)
[launcher] cell 129 FINISHED (rc=0)
[launcher] spawn cell 157 tag=user_B_mazur_grim_trigger_punisher_v3 pid=52401  (running=30 pending=22 finished=128)
[launcher] cell 118 FINISHED (rc=0)
[launcher] spawn cell 158 tag=user_B_mazur_grim_trigger_punisher_v4 pid=52418  (running=30 pending=21 finished=129)
[launcher] cell 132 FINISHED (rc=0)
[launcher] spawn cell 159 tag=user_B_mazur_grim_trigger_punisher_v5 pid=52431  (running=30 pending=20 finished=130)
[launcher] cell 119 FINISHED (rc=0)
[launcher] spawn cell 160 tag=user_C_mazur_grim_trigger_punisher_v1 pid=52438  (running=30 pending=19 finished=131)
[launcher] cell 128 FINISHED (rc=0)
[launcher] spawn cell 161 tag=user_C_mazur_grim_trigger_punisher_v2 pid=52443  (running=30 pending=18 finished=132)
[launcher] cell 131 FINISHED (rc=0)
[launcher] spawn cell 162 tag=user_C_mazur_grim_trigger_punisher_v3 pid=52446  (running=30 pending=17 finished=133)
[launcher] cell 134 FINISHED (rc=0)
[launcher] spawn cell 163 tag=user_C_mazur_grim_trigger_punisher_v4 pid=52449  (running=30 pending=16 finished=134)
[launcher] cell 135 FINISHED (rc=0)
[launcher] spawn cell 164 tag=user_C_mazur_grim_trigger_punisher_v5 pid=52455  (running=30 pending=15 finished=135)
[launcher] cell 141 FINISHED (rc=0)
[launcher] spawn cell 165 tag=user_A_mazur_corridor_keeper_v1 pid=52471  (running=30 pending=14 finished=136)
[launcher] cell 136 FINISHED (rc=0)
[launcher] spawn cell 166 tag=user_A_mazur_corridor_keeper_v2 pid=52475  (running=30 pending=13 finished=137)
[launcher] cell 137 FINISHED (rc=0)
[launcher] spawn cell 167 tag=user_A_mazur_corridor_keeper_v3 pid=52478  (running=30 pending=12 finished=138)
[launcher] cell 133 FINISHED (rc=0)
[launcher] cell 142 FINISHED (rc=0)
[launcher] spawn cell 168 tag=user_A_mazur_corridor_keeper_v4 pid=52485  (running=29 pending=11 finished=140)
[launcher] spawn cell 169 tag=user_A_mazur_corridor_keeper_v5 pid=52486  (running=30 pending=10 finished=140)
[launcher] cell 139 FINISHED (rc=0)
[launcher] spawn cell 170 tag=user_B_mazur_corridor_keeper_v1 pid=52508  (running=30 pending=9 finished=141)
[launcher] cell 138 FINISHED (rc=0)
[launcher] spawn cell 171 tag=user_B_mazur_corridor_keeper_v2 pid=52545  (running=30 pending=8 finished=142)
[launcher] cell 140 FINISHED (rc=0)
[launcher] spawn cell 172 tag=user_B_mazur_corridor_keeper_v3 pid=52556  (running=30 pending=7 finished=143)
[launcher] cell 143 FINISHED (rc=0)
[launcher] spawn cell 173 tag=user_B_mazur_corridor_keeper_v4 pid=52598  (running=30 pending=6 finished=144)
[launcher] cell 145 FINISHED (rc=0)
[launcher] spawn cell 174 tag=user_B_mazur_corridor_keeper_v5 pid=52686  (running=30 pending=5 finished=145)
[launcher] cell 146 FINISHED (rc=0)
[launcher] spawn cell 175 tag=user_C_mazur_corridor_keeper_v1 pid=52717  (running=30 pending=4 finished=146)
[launcher] cell 147 FINISHED (rc=0)
[launcher] spawn cell 176 tag=user_C_mazur_corridor_keeper_v2 pid=52730  (running=30 pending=3 finished=147)
[launcher] cell 149 FINISHED (rc=0)
[launcher] spawn cell 177 tag=user_C_mazur_corridor_keeper_v3 pid=52756  (running=30 pending=2 finished=148)
[launcher] cell 148 FINISHED (rc=0)
[launcher] spawn cell 178 tag=user_C_mazur_corridor_keeper_v4 pid=52787  (running=30 pending=1 finished=149)
[launcher] cell 144 FINISHED (rc=0)
[launcher] spawn cell 179 tag=user_C_mazur_corridor_keeper_v5 pid=52860  (running=30 pending=0 finished=150)
[launcher] cell 162 FINISHED (rc=0)
[launcher] cell 164 FINISHED (rc=0)
[launcher] cell 150 FINISHED (rc=0)
[launcher] cell 160 FINISHED (rc=0)
[launcher] cell 154 FINISHED (rc=0)
[launcher] cell 161 FINISHED (rc=0)
[launcher] cell 153 FINISHED (rc=0)
[launcher] cell 156 FINISHED (rc=0)
[launcher] cell 159 FINISHED (rc=0)
[launcher] cell 152 FINISHED (rc=0)
[launcher] cell 151 FINISHED (rc=0)
[launcher] cell 171 FINISHED (rc=0)
[launcher] cell 157 FINISHED (rc=0)
[launcher] cell 158 FINISHED (rc=0)
[launcher] cell 163 FINISHED (rc=0)
[launcher] cell 155 FINISHED (rc=0)
[launcher] cell 169 FINISHED (rc=0)
[launcher] cell 172 FINISHED (rc=0)
[launcher] cell 170 FINISHED (rc=0)
[launcher] cell 167 FINISHED (rc=0)
[launcher] cell 166 FINISHED (rc=0)
[launcher] cell 165 FINISHED (rc=0)
[launcher] cell 168 FINISHED (rc=0)
[launcher] cell 173 FINISHED (rc=0)
[launcher] cell 174 FINISHED (rc=0)
[launcher] cell 175 FINISHED (rc=0)
[launcher] cell 176 FINISHED (rc=0)
[launcher] cell 177 FINISHED (rc=0)
[launcher] cell 179 FINISHED (rc=0)
[launcher] cell 178 FINISHED (rc=0)
================================================================================
[launcher] all 180 cells dispatched, 180 observed finish, elapsed 4.91 h
================================================================================
